AR divclock exemplo C:/Users/RA00184038/Documents/Timer/Timer/divclock.vhd sub00/vhpl01 1560993284
AR fd arquitetura C:/Users/RA00184038/Documents/Timer/Timer/fd.vhd sub00/vhpl09 1560993296
AR mux behavioral C:/Users/ra00184038/Documents/Timer/Timer/Timer/mux.vhd sub00/vhpl19 1560623522
EN display NULL C:/Users/RA00184038/Documents/Timer/Timer/mux.vhd sub00/vhpl20 1560993291
EN fd NULL C:/Users/RA00184038/Documents/Timer/Timer/fd.vhd sub00/vhpl08 1560993295
AR display behavioral C:/Users/RA00184038/Documents/Timer/Timer/mux.vhd sub00/vhpl21 1560993292
EN unidcontrole NULL C:/Users/RA00184038/Documents/Timer/Timer/unidControle.vhd sub00/vhpl10 1560993293
EN hex7seg NULL C:/Users/RA00184038/Documents/Timer/Timer/hex7seg.vhd sub00/vhpl06 1560993289
EN top NULL C:/Users/RA00184038/Documents/Timer/Timer/top.vhd sub00/vhpl12 1560993297
EN contador5 NULL C:/Users/ra00184038/Documents/Timer/Timer/Timer/contad5.vhd sub00/vhpl15 1560604853
EN divclock NULL C:/Users/RA00184038/Documents/Timer/Timer/divclock.vhd sub00/vhpl00 1560993283
AR unidcontrole behavioral C:/Users/RA00184038/Documents/Timer/Timer/unidControle.vhd sub00/vhpl11 1560993294
EN registrador NULL C:/Users/ra00184038/Documents/Timer/Timer/Timer/registrador.vhd sub00/vhpl04 1560606087
EN mux NULL C:/Users/ra00184038/Documents/Timer/Timer/Timer/mux.vhd sub00/vhpl18 1560623521
AR contadorcinco behavioral C:/Users/RA00184038/Documents/Timer/Timer/contadorcinco.vhd sub00/vhpl17 1560993288
EN contadorcinco NULL C:/Users/RA00184038/Documents/Timer/Timer/contadorcinco.vhd sub00/vhpl16 1560993287
EN contador NULL C:/Users/RA00184038/Documents/Timer/Timer/contador.vhd sub00/vhpl02 1560993285
AR hex7seg exemplo C:/Users/RA00184038/Documents/Timer/Timer/hex7seg.vhd sub00/vhpl07 1560993290
AR top behavioral C:/Users/RA00184038/Documents/Timer/Timer/top.vhd sub00/vhpl13 1560993298
EN contad5 NULL C:/Users/ra00184038/Documents/Timer/Timer/Timer/contad5.vhd sub00/vhpl14 1560604259
AR contador behavioral C:/Users/RA00184038/Documents/Timer/Timer/contador.vhd sub00/vhpl03 1560993286
AR registrador behavioral C:/Users/ra00184038/Documents/Timer/Timer/Timer/registrador.vhd sub00/vhpl05 1560606088
