AR divclock exemplo D:/Documentos/PUC-SP/01-2019/DSD/Timer/Timer/divclock.vhd sub00/vhpl01 1561089168
AR fd arquitetura D:/Documentos/PUC-SP/01-2019/DSD/Timer/Timer/fd.vhd sub00/vhpl09 1561089180
AR mux behavioral C:/Users/ra00184038/Documents/Timer/Timer/Timer/mux.vhd sub00/vhpl19 1560623522
EN display NULL D:/Documentos/PUC-SP/01-2019/DSD/Timer/Timer/mux.vhd sub00/vhpl20 1561089175
EN fd NULL D:/Documentos/PUC-SP/01-2019/DSD/Timer/Timer/fd.vhd sub00/vhpl08 1561089179
AR display behavioral D:/Documentos/PUC-SP/01-2019/DSD/Timer/Timer/mux.vhd sub00/vhpl21 1561089176
EN unidcontrole NULL D:/Documentos/PUC-SP/01-2019/DSD/Timer/Timer/unidControle.vhd sub00/vhpl10 1561089177
EN hex7seg NULL D:/Documentos/PUC-SP/01-2019/DSD/Timer/Timer/hex7seg.vhd sub00/vhpl06 1561089173
EN top NULL D:/Documentos/PUC-SP/01-2019/DSD/Timer/Timer/top.vhd sub00/vhpl12 1561089181
EN contador5 NULL C:/Users/ra00184038/Documents/Timer/Timer/Timer/contad5.vhd sub00/vhpl15 1560604853
EN divclock NULL D:/Documentos/PUC-SP/01-2019/DSD/Timer/Timer/divclock.vhd sub00/vhpl00 1561089167
AR unidcontrole behavioral D:/Documentos/PUC-SP/01-2019/DSD/Timer/Timer/unidControle.vhd sub00/vhpl11 1561089178
EN registrador NULL C:/Users/ra00184038/Documents/Timer/Timer/Timer/registrador.vhd sub00/vhpl04 1560606087
EN mux NULL C:/Users/ra00184038/Documents/Timer/Timer/Timer/mux.vhd sub00/vhpl18 1560623521
AR contadorcinco behavioral D:/Documentos/PUC-SP/01-2019/DSD/Timer/Timer/contadorcinco.vhd sub00/vhpl17 1561089172
EN contadorcinco NULL D:/Documentos/PUC-SP/01-2019/DSD/Timer/Timer/contadorcinco.vhd sub00/vhpl16 1561089171
EN contador NULL D:/Documentos/PUC-SP/01-2019/DSD/Timer/Timer/contador.vhd sub00/vhpl02 1561089169
AR hex7seg exemplo D:/Documentos/PUC-SP/01-2019/DSD/Timer/Timer/hex7seg.vhd sub00/vhpl07 1561089174
AR top behavioral D:/Documentos/PUC-SP/01-2019/DSD/Timer/Timer/top.vhd sub00/vhpl13 1561089182
EN contad5 NULL C:/Users/ra00184038/Documents/Timer/Timer/Timer/contad5.vhd sub00/vhpl14 1560604259
AR contador behavioral D:/Documentos/PUC-SP/01-2019/DSD/Timer/Timer/contador.vhd sub00/vhpl03 1561089170
AR registrador behavioral C:/Users/ra00184038/Documents/Timer/Timer/Timer/registrador.vhd sub00/vhpl05 1560606088
