AR divclock exemplo C:/Users/ra00184038/Documents/Timer/Timer/Timer/divclock.vhd sub00/vhpl01 1560623514
AR fd arquitetura C:/Users/ra00184038/Documents/Timer/Timer/Timer/fd.vhd sub00/vhpl09 1560623526
AR mux behavioral C:/Users/ra00184038/Documents/Timer/Timer/Timer/mux.vhd sub00/vhpl19 1560623522
EN fd NULL C:/Users/ra00184038/Documents/Timer/Timer/Timer/fd.vhd sub00/vhpl08 1560623525
EN unidcontrole NULL C:/Users/ra00184038/Documents/Timer/Timer/Timer/unidControle.vhd sub00/vhpl10 1560623523
EN hex7seg NULL C:/Users/ra00184038/Documents/Timer/Timer/Timer/hex7seg.vhd sub00/vhpl06 1560623519
EN top NULL C:/Users/ra00184038/Documents/Timer/Timer/Timer/top.vhd sub00/vhpl12 1560623527
EN contador5 NULL C:/Users/ra00184038/Documents/Timer/Timer/Timer/contad5.vhd sub00/vhpl15 1560604853
EN divclock NULL C:/Users/ra00184038/Documents/Timer/Timer/Timer/divclock.vhd sub00/vhpl00 1560623513
AR unidcontrole behavioral C:/Users/ra00184038/Documents/Timer/Timer/Timer/unidControle.vhd sub00/vhpl11 1560623524
EN registrador NULL C:/Users/ra00184038/Documents/Timer/Timer/Timer/registrador.vhd sub00/vhpl04 1560606087
EN mux NULL C:/Users/ra00184038/Documents/Timer/Timer/Timer/mux.vhd sub00/vhpl18 1560623521
AR contadorcinco behavioral C:/Users/ra00184038/Documents/Timer/Timer/Timer/contadorcinco.vhd sub00/vhpl17 1560623518
EN contadorcinco NULL C:/Users/ra00184038/Documents/Timer/Timer/Timer/contadorcinco.vhd sub00/vhpl16 1560623517
EN contador NULL C:/Users/ra00184038/Documents/Timer/Timer/Timer/contador.vhd sub00/vhpl02 1560623515
AR hex7seg exemplo C:/Users/ra00184038/Documents/Timer/Timer/Timer/hex7seg.vhd sub00/vhpl07 1560623520
AR top behavioral C:/Users/ra00184038/Documents/Timer/Timer/Timer/top.vhd sub00/vhpl13 1560623528
EN contad5 NULL C:/Users/ra00184038/Documents/Timer/Timer/Timer/contad5.vhd sub00/vhpl14 1560604259
AR contador behavioral C:/Users/ra00184038/Documents/Timer/Timer/Timer/contador.vhd sub00/vhpl03 1560623516
AR registrador behavioral C:/Users/ra00184038/Documents/Timer/Timer/Timer/registrador.vhd sub00/vhpl05 1560606088
