Release 14.7 - xst P.20131013 (nt64)
Copyright (c) 1995-2013 Xilinx, Inc.  All rights reserved.
--> Parameter TMPDIR set to xst/projnav.tmp


Total REAL time to Xst completion: 0.00 secs
Total CPU time to Xst completion: 0.07 secs
 
--> Parameter xsthdpdir set to xst


Total REAL time to Xst completion: 0.00 secs
Total CPU time to Xst completion: 0.07 secs
 
--> Reading design: top.prj

TABLE OF CONTENTS
  1) Synthesis Options Summary
  2) HDL Compilation
  3) Design Hierarchy Analysis
  4) HDL Analysis
  5) HDL Synthesis
     5.1) HDL Synthesis Report
  6) Advanced HDL Synthesis
     6.1) Advanced HDL Synthesis Report
  7) Low Level Synthesis
  8) Partition Report
  9) Final Report
	9.1) Device utilization summary
	9.2) Partition Resource Summary
	9.3) TIMING REPORT


=========================================================================
*                      Synthesis Options Summary                        *
=========================================================================
---- Source Parameters
Input File Name                    : "top.prj"
Input Format                       : mixed
Ignore Synthesis Constraint File   : NO

---- Target Parameters
Output File Name                   : "top"
Output Format                      : NGC
Target Device                      : xc3s100e-4-cp132

---- Source Options
Top Module Name                    : top
Automatic FSM Extraction           : YES
FSM Encoding Algorithm             : Auto
Safe Implementation                : No
FSM Style                          : LUT
RAM Extraction                     : Yes
RAM Style                          : Auto
ROM Extraction                     : Yes
Mux Style                          : Auto
Decoder Extraction                 : YES
Priority Encoder Extraction        : Yes
Shift Register Extraction          : YES
Logical Shifter Extraction         : YES
XOR Collapsing                     : YES
ROM Style                          : Auto
Mux Extraction                     : Yes
Resource Sharing                   : YES
Asynchronous To Synchronous        : NO
Multiplier Style                   : Auto
Automatic Register Balancing       : No

---- Target Options
Add IO Buffers                     : YES
Global Maximum Fanout              : 100000
Add Generic Clock Buffer(BUFG)     : 24
Register Duplication               : YES
Slice Packing                      : YES
Optimize Instantiated Primitives   : NO
Use Clock Enable                   : Yes
Use Synchronous Set                : Yes
Use Synchronous Reset              : Yes
Pack IO Registers into IOBs        : Auto
Equivalent register Removal        : YES

---- General Options
Optimization Goal                  : Speed
Optimization Effort                : 1
Keep Hierarchy                     : No
Netlist Hierarchy                  : As_Optimized
RTL Output                         : Yes
Global Optimization                : AllClockNets
Read Cores                         : YES
Write Timing Constraints           : NO
Cross Clock Analysis               : NO
Hierarchy Separator                : /
Bus Delimiter                      : <>
Case Specifier                     : Maintain
Slice Utilization Ratio            : 100
BRAM Utilization Ratio             : 100
Verilog 2001                       : YES
Auto BRAM Packing                  : NO
Slice Utilization Ratio Delta      : 5

=========================================================================


=========================================================================
*                          HDL Compilation                              *
=========================================================================
Compiling vhdl file "C:/Users/ra00184038/Documents/Timer/Timer/Timer/divclock.vhd" in Library work.
Architecture exemplo of Entity divclock is up to date.
Compiling vhdl file "C:/Users/ra00184038/Documents/Timer/Timer/Timer/contador.vhd" in Library work.
Architecture behavioral of Entity contador is up to date.
Compiling vhdl file "C:/Users/ra00184038/Documents/Timer/Timer/Timer/contadorcinco.vhd" in Library work.
Architecture behavioral of Entity contadorcinco is up to date.
Compiling vhdl file "C:/Users/ra00184038/Documents/Timer/Timer/Timer/hex7seg.vhd" in Library work.
Architecture exemplo of Entity hex7seg is up to date.
Compiling vhdl file "C:/Users/ra00184038/Documents/Timer/Timer/Timer/mux.vhd" in Library work.
Architecture behavioral of Entity mux is up to date.
Compiling vhdl file "C:/Users/ra00184038/Documents/Timer/Timer/Timer/unidControle.vhd" in Library work.
Entity <unidcontrole> compiled.
Entity <unidcontrole> (Architecture <behavioral>) compiled.
Compiling vhdl file "C:/Users/ra00184038/Documents/Timer/Timer/Timer/fd.vhd" in Library work.
Architecture arquitetura of Entity fd is up to date.
Compiling vhdl file "C:/Users/ra00184038/Documents/Timer/Timer/Timer/top.vhd" in Library work.
Architecture behavioral of Entity top is up to date.

=========================================================================
*                     Design Hierarchy Analysis                         *
=========================================================================
Analyzing hierarchy for entity <top> in library <work> (architecture <behavioral>).

Analyzing hierarchy for entity <unidControle> in library <work> (architecture <behavioral>).

Analyzing hierarchy for entity <fd> in library <work> (architecture <arquitetura>).

Analyzing hierarchy for entity <divclock> in library <work> (architecture <exemplo>).

Analyzing hierarchy for entity <contador> in library <work> (architecture <behavioral>).

Analyzing hierarchy for entity <contadorcinco> in library <work> (architecture <behavioral>).

Analyzing hierarchy for entity <hex7seg> in library <work> (architecture <exemplo>).

Analyzing hierarchy for entity <mux> in library <work> (architecture <behavioral>).


=========================================================================
*                            HDL Analysis                               *
=========================================================================
Analyzing Entity <top> in library <work> (Architecture <behavioral>).
Entity <top> analyzed. Unit <top> generated.

Analyzing Entity <unidControle> in library <work> (Architecture <behavioral>).
Entity <unidControle> analyzed. Unit <unidControle> generated.

Analyzing Entity <fd> in library <work> (Architecture <arquitetura>).
Entity <fd> analyzed. Unit <fd> generated.

Analyzing Entity <divclock> in library <work> (Architecture <exemplo>).
Entity <divclock> analyzed. Unit <divclock> generated.

Analyzing Entity <contador> in library <work> (Architecture <behavioral>).
Entity <contador> analyzed. Unit <contador> generated.

Analyzing Entity <contadorcinco> in library <work> (Architecture <behavioral>).
Entity <contadorcinco> analyzed. Unit <contadorcinco> generated.

Analyzing Entity <hex7seg> in library <work> (Architecture <exemplo>).
Entity <hex7seg> analyzed. Unit <hex7seg> generated.

Analyzing Entity <mux> in library <work> (Architecture <behavioral>).
Entity <mux> analyzed. Unit <mux> generated.


=========================================================================
*                           HDL Synthesis                               *
=========================================================================

Performing bidirectional port resolution...

Synthesizing Unit <unidControle>.
    Related source file is "C:/Users/ra00184038/Documents/Timer/Timer/Timer/unidControle.vhd".
    Found finite state machine <FSM_0> for signal <estado>.
    -----------------------------------------------------------------------
    | States             | 3                                              |
    | Transitions        | 6                                              |
    | Inputs             | 1                                              |
    | Outputs            | 1                                              |
    | Clock              | clock                     (rising_edge)        |
    | Reset              | reset                     (positive)           |
    | Reset type         | asynchronous                                   |
    | Reset State        | inicial                                        |
    | Power Up State     | inicial                                        |
    | Encoding           | automatic                                      |
    | Implementation     | LUT                                            |
    -----------------------------------------------------------------------
    Summary:
	inferred   1 Finite State Machine(s).
Unit <unidControle> synthesized.


Synthesizing Unit <divclock>.
    Related source file is "C:/Users/ra00184038/Documents/Timer/Timer/Timer/divclock.vhd".
    Found 25-bit up counter for signal <IQ>.
    Found 1-bit register for signal <pivo>.
    Summary:
	inferred   1 Counter(s).
	inferred   1 D-type flip-flop(s).
Unit <divclock> synthesized.


Synthesizing Unit <contador>.
    Related source file is "C:/Users/ra00184038/Documents/Timer/Timer/Timer/contador.vhd".
    Found 4-bit down counter for signal <R>.
    Summary:
	inferred   1 Counter(s).
Unit <contador> synthesized.


Synthesizing Unit <contadorcinco>.
    Related source file is "C:/Users/ra00184038/Documents/Timer/Timer/Timer/contadorcinco.vhd".
    Found 4-bit down counter for signal <R>.
    Summary:
	inferred   1 Counter(s).
Unit <contadorcinco> synthesized.


Synthesizing Unit <hex7seg>.
    Related source file is "C:/Users/ra00184038/Documents/Timer/Timer/Timer/hex7seg.vhd".
    Found 16x7-bit ROM for signal <display>.
    Summary:
	inferred   1 ROM(s).
Unit <hex7seg> synthesized.


Synthesizing Unit <mux>.
    Related source file is "C:/Users/ra00184038/Documents/Timer/Timer/Timer/mux.vhd".
Unit <mux> synthesized.


Synthesizing Unit <fd>.
    Related source file is "C:/Users/ra00184038/Documents/Timer/Timer/Timer/fd.vhd".
Unit <fd> synthesized.


Synthesizing Unit <top>.
    Related source file is "C:/Users/ra00184038/Documents/Timer/Timer/Timer/top.vhd".
Unit <top> synthesized.


=========================================================================
HDL Synthesis Report

Macro Statistics
# ROMs                                                 : 4
 16x7-bit ROM                                          : 4
# Counters                                             : 5
 25-bit up counter                                     : 1
 4-bit down counter                                    : 4
# Registers                                            : 1
 1-bit register                                        : 1

=========================================================================

=========================================================================
*                       Advanced HDL Synthesis                          *
=========================================================================

Analyzing FSM <FSM_0> for best encoding.
Optimizing FSM <unidContr/estado/FSM> on signal <estado[1:2]> with user encoding.
----------------------
 State    | Encoding
----------------------
 inicial  | 00
 contagem | 01
 pause    | 10
----------------------
WARNING:Xst:79 - Model 'fd' has different characteristics in destination library
WARNING:Xst:80 - Model name has been changed to 'fd1'

=========================================================================
Advanced HDL Synthesis Report

Macro Statistics
# FSMs                                                 : 1
# ROMs                                                 : 4
 16x7-bit ROM                                          : 4
# Counters                                             : 5
 25-bit up counter                                     : 1
 4-bit down counter                                    : 4
# Registers                                            : 1
 Flip-Flops                                            : 1

=========================================================================

=========================================================================
*                         Low Level Synthesis                           *
=========================================================================

Optimizing unit <top> ...

Optimizing unit <fd1> ...
WARNING:Xst:1710 - FF/Latch <contadD/R_3> (without init value) has a constant value of 0 in block <fd1>. This FF/Latch will be trimmed during the optimization process.

Mapping all equations...
Building and optimizing final netlist ...
Found area constraint ratio of 100 (+ 5) on block top, actual ratio is 8.

Final Macro Processing ...

=========================================================================
Final Register Report

Macro Statistics
# Registers                                            : 42
 Flip-Flops                                            : 42

=========================================================================

=========================================================================
*                           Partition Report                            *
=========================================================================

Partition Implementation Status
-------------------------------

  No Partitions were found in this design.

-------------------------------

=========================================================================
*                            Final Report                               *
=========================================================================
Final Results
RTL Top Level Output File Name     : top.ngr
Top Level Output File Name         : top
Output Format                      : NGC
Optimization Goal                  : Speed
Keep Hierarchy                     : No

Design Statistics
# IOs                              : 10

Cell Usage :
# BELS                             : 184
#      GND                         : 1
#      INV                         : 7
#      LUT1                        : 24
#      LUT2                        : 28
#      LUT2_L                      : 1
#      LUT3                        : 7
#      LUT3_L                      : 1
#      LUT4                        : 48
#      MUXCY                       : 31
#      MUXF5                       : 10
#      VCC                         : 1
#      XORCY                       : 25
# FlipFlops/Latches                : 42
#      FDC                         : 1
#      FDCE                        : 33
#      FDPE                        : 8
# Clock Buffers                    : 1
#      BUFGP                       : 1
# IO Buffers                       : 9
#      IBUF                        : 2
#      OBUF                        : 7
=========================================================================

Device utilization summary:
---------------------------

Selected Device : 3s100ecp132-4 

 Number of Slices:                       63  out of    960     6%  
 Number of Slice Flip Flops:             42  out of   1920     2%  
 Number of 4 input LUTs:                116  out of   1920     6%  
 Number of IOs:                          10
 Number of bonded IOBs:                  10  out of     83    12%  
 Number of GCLKs:                         1  out of     24     4%  

---------------------------
Partition Resource Summary:
---------------------------

  No Partitions were found in this design.

---------------------------


=========================================================================
TIMING REPORT

NOTE: THESE TIMING NUMBERS ARE ONLY A SYNTHESIS ESTIMATE.
      FOR ACCURATE TIMING INFORMATION PLEASE REFER TO THE TRACE REPORT
      GENERATED AFTER PLACE-and-ROUTE.

Clock Information:
------------------
-----------------------------------+-----------------------------+-------+
Clock Signal                       | Clock buffer(FF name)       | Load  |
-----------------------------------+-----------------------------+-------+
clock                              | BUFGP                       | 27    |
fluxoDados/div/pivo                | NONE(fluxoDados/contadD/R_2)| 15    |
-----------------------------------+-----------------------------+-------+
INFO:Xst:2169 - HDL ADVISOR - Some clock signals were not automatically buffered by XST with BUFG/BUFR resources. Please use the buffer_type constraint in order to insert these buffers to the clock signals to help prevent skew problems.

Asynchronous Control Signals Information:
----------------------------------------
-----------------------------------+------------------------+-------+
Control Signal                     | Buffer(FF name)        | Load  |
-----------------------------------+------------------------+-------+
reset                              | IBUF                   | 42    |
-----------------------------------+------------------------+-------+

Timing Summary:
---------------
Speed Grade: -4

   Minimum period: 6.501ns (Maximum Frequency: 153.822MHz)
   Minimum input arrival time before clock: 2.825ns
   Maximum output required time after clock: 10.236ns
   Maximum combinational path delay: No path found

Timing Detail:
--------------
All values displayed in nanoseconds (ns)

=========================================================================
Timing constraint: Default period analysis for Clock 'clock'
  Clock period: 6.094ns (frequency: 164.087MHz)
  Total number of paths / destination ports: 1003 / 53
-------------------------------------------------------------------------
Delay:               6.094ns (Levels of Logic = 8)
  Source:            fluxoDados/div/IQ_9 (FF)
  Destination:       fluxoDados/div/pivo (FF)
  Source Clock:      clock rising
  Destination Clock: clock rising

  Data Path: fluxoDados/div/IQ_9 to fluxoDados/div/pivo
                                Gate     Net
    Cell:in->out      fanout   Delay   Delay  Logical Name (Net Name)
    ----------------------------------------  ------------
     FDCE:C->Q             2   0.591   0.622  fluxoDados/div/IQ_9 (fluxoDados/div/IQ_9)
     LUT4:I0->O            1   0.704   0.000  fluxoDados/div/IQ_cmp_eq0000_wg_lut<1> (fluxoDados/div/IQ_cmp_eq0000_wg_lut<1>)
     MUXCY:S->O            1   0.464   0.000  fluxoDados/div/IQ_cmp_eq0000_wg_cy<1> (fluxoDados/div/IQ_cmp_eq0000_wg_cy<1>)
     MUXCY:CI->O           1   0.059   0.000  fluxoDados/div/IQ_cmp_eq0000_wg_cy<2> (fluxoDados/div/IQ_cmp_eq0000_wg_cy<2>)
     MUXCY:CI->O           1   0.059   0.000  fluxoDados/div/IQ_cmp_eq0000_wg_cy<3> (fluxoDados/div/IQ_cmp_eq0000_wg_cy<3>)
     MUXCY:CI->O           1   0.059   0.000  fluxoDados/div/IQ_cmp_eq0000_wg_cy<4> (fluxoDados/div/IQ_cmp_eq0000_wg_cy<4>)
     MUXCY:CI->O           1   0.059   0.000  fluxoDados/div/IQ_cmp_eq0000_wg_cy<5> (fluxoDados/div/IQ_cmp_eq0000_wg_cy<5>)
     MUXCY:CI->O          26   0.459   1.339  fluxoDados/div/IQ_cmp_eq0000_wg_cy<6> (fluxoDados/div/IQ_cmp_eq0000)
     LUT2:I1->O            1   0.704   0.420  fluxoDados/div/pivo_not00021 (fluxoDados/div/pivo_not0002)
     FDCE:CE                   0.555          fluxoDados/div/pivo
    ----------------------------------------
    Total                      6.094ns (3.713ns logic, 2.381ns route)
                                       (60.9% logic, 39.1% route)

=========================================================================
Timing constraint: Default period analysis for Clock 'fluxoDados/div/pivo'
  Clock period: 6.501ns (frequency: 153.822MHz)
  Total number of paths / destination ports: 130 / 26
-------------------------------------------------------------------------
Delay:               6.501ns (Levels of Logic = 4)
  Source:            fluxoDados/contadA/R_0 (FF)
  Destination:       fluxoDados/contadD/R_2 (FF)
  Source Clock:      fluxoDados/div/pivo rising
  Destination Clock: fluxoDados/div/pivo rising

  Data Path: fluxoDados/contadA/R_0 to fluxoDados/contadD/R_2
                                Gate     Net
    Cell:in->out      fanout   Delay   Delay  Logical Name (Net Name)
    ----------------------------------------  ------------
     FDPE:C->Q            15   0.591   1.096  fluxoDados/contadA/R_0 (fluxoDados/contadA/R_0)
     LUT2_L:I1->LO         1   0.704   0.104  fluxoDados/expressionC1_SW0 (N01)
     LUT4:I3->O            6   0.704   0.704  fluxoDados/expressionC1 (fluxoDados/expressionA)
     LUT3_L:I2->LO         1   0.704   0.104  fluxoDados/expressionC_SW0 (N18)
     LUT4:I3->O            3   0.704   0.531  fluxoDados/expressionC (fluxoDados/expressionC)
     FDPE:CE                   0.555          fluxoDados/contadD/R_0
    ----------------------------------------
    Total                      6.501ns (3.962ns logic, 2.539ns route)
                                       (60.9% logic, 39.1% route)

=========================================================================
Timing constraint: Default OFFSET IN BEFORE for Clock 'clock'
  Total number of paths / destination ports: 1 / 1
-------------------------------------------------------------------------
Offset:              2.825ns (Levels of Logic = 2)
  Source:            start (PAD)
  Destination:       unidContr/estado_FSM_FFd2 (FF)
  Destination Clock: clock rising

  Data Path: start to unidContr/estado_FSM_FFd2
                                Gate     Net
    Cell:in->out      fanout   Delay   Delay  Logical Name (Net Name)
    ----------------------------------------  ------------
     IBUF:I->O             1   1.218   0.595  start_IBUF (start_IBUF)
     LUT2:I0->O            1   0.704   0.000  unidContr/estado_FSM_FFd2-In1 (unidContr/estado_FSM_FFd2-In)
     FDC:D                     0.308          unidContr/estado_FSM_FFd2
    ----------------------------------------
    Total                      2.825ns (2.230ns logic, 0.595ns route)
                                       (78.9% logic, 21.1% route)

=========================================================================
Timing constraint: Default OFFSET OUT AFTER for Clock 'fluxoDados/div/pivo'
  Total number of paths / destination ports: 179 / 7
-------------------------------------------------------------------------
Offset:              10.236ns (Levels of Logic = 5)
  Source:            fluxoDados/contadB/R_1 (FF)
  Destination:       saida<3> (PAD)
  Source Clock:      fluxoDados/div/pivo rising

  Data Path: fluxoDados/contadB/R_1 to saida<3>
                                Gate     Net
    Cell:in->out      fanout   Delay   Delay  Logical Name (Net Name)
    ----------------------------------------  ------------
     FDCE:C->Q             9   0.591   0.995  fluxoDados/contadB/R_1 (fluxoDados/contadB/R_1)
     LUT4:I0->O           11   0.704   1.012  fluxoDados/mu/Z<6>72 (fluxoDados/contadB/R_not0001_inv)
     LUT3:I1->O            3   0.704   0.535  fluxoDados/mu/Z<0>91 (fluxoDados/N26)
     LUT4:I3->O            1   0.704   0.595  fluxoDados/mu/Z<3>11 (fluxoDados/mu/Z<3>11)
     LUT4:I0->O            1   0.704   0.420  fluxoDados/mu/Z<3>323 (saida_3_OBUF)
     OBUF:I->O                 3.272          saida_3_OBUF (saida<3>)
    ----------------------------------------
    Total                     10.236ns (6.679ns logic, 3.557ns route)
                                       (65.3% logic, 34.7% route)

=========================================================================


Total REAL time to Xst completion: 4.00 secs
Total CPU time to Xst completion: 4.27 secs
 
--> 

Total memory usage is 356780 kilobytes

Number of errors   :    0 (   0 filtered)
Number of warnings :    3 (   0 filtered)
Number of infos    :    1 (   0 filtered)

